2020-07-28 18:01:27,991 [INFO]: #  From Excel import testsuite success
2020-07-28 18:01:41,454 [INFO]: #  --------------------------------------------------
2020-07-28 18:01:41,467 [INFO]: #  >>> Run the TestCase: HOME_001|打开云塑ERP
2020-07-28 18:01:41,467 [INFO]: #  Run the Step: 1|通用|OPEN|通用-首页链接
2020-07-28 18:01:49,323 [INFO]: #  --- success ---
2020-07-28 18:01:49,545 [INFO]: #  Run the Step: 2|通用|CHECK|通用-页面title
2020-07-28 18:01:49,579 [INFO]: #  DATA:'云塑 企业资源计划管理系统'
2020-07-28 18:01:49,682 [INFO]: #  REAL:'云塑 企业资源计划管理系统'
2020-07-28 18:01:49,904 [INFO]: #  --- success ---
2020-07-28 18:01:50,105 [INFO]: #  --------------------------------------------------
2020-07-28 18:01:50,105 [INFO]: #  >>> Run the TestCase: Login_001|登录
2020-07-28 18:01:50,106 [INFO]: #  Run the Step: 1|登录页面|INPUT|登录页面-账号输入框
2020-07-28 18:01:51,472 [INFO]: #  --- success ---
2020-07-28 18:01:51,674 [INFO]: #  Run the Step: 2|登录页面|INPUT|登录页面-密码输入框
2020-07-28 18:01:54,475 [INFO]: #  --- success ---
2020-07-28 18:01:54,702 [INFO]: #  Run the Step: 3|登录页面|CLICK|登录页面-确定按钮
2020-07-28 18:01:55,795 [INFO]: #  --- success ---
2020-07-28 18:01:55,995 [INFO]: #  Run the Step: 4|登录页面|CHECK|通用-页面加载校验
2020-07-28 18:02:00,221 [INFO]: #  DATA:'欢迎进入 云塑企业资源计划管理系统'
2020-07-28 18:02:00,222 [INFO]: #  REAL:'欢迎进入 云塑企业资源计划管理系统'
2020-07-28 18:02:00,222 [INFO]: #  --- success ---
2020-07-28 18:02:00,423 [INFO]: #  ==================================================
2020-07-28 18:02:00,423 [INFO]: #  ...No SETUP testcase need to run...
2020-07-28 18:02:00,424 [INFO]: #  --------------------------------------------------
2020-07-28 18:02:00,424 [INFO]: #  >>> Run the TestCase: AEQ_001|审核编辑
2020-07-28 18:02:00,424 [INFO]: #  Run the Step: 1|用例片段|EXECUTE|CQ_001
2020-07-28 18:02:00,432 [INFO]: #  >>> Run the TestCase: CQ_001|新增需求订单
2020-07-28 18:02:00,433 [INFO]: #  Run the Step: 1|滚动需求订单|CLICK|通用-左侧栏一级菜单#销售管理
2020-07-28 18:02:01,833 [INFO]: #  --- success ---
2020-07-28 18:02:02,033 [INFO]: #  Run the Step: 2|滚动需求订单|CLICK|通用-左侧栏二级菜单#需求订单
2020-07-28 18:02:05,681 [INFO]: #  --- success ---
2020-07-28 18:02:05,882 [INFO]: #  Run the Step: 3|滚动需求订单|CLICK|通用-左侧栏一级菜单#销售管理
2020-07-28 18:02:08,864 [INFO]: #  --- success ---
2020-07-28 18:02:09,065 [INFO]: #  Run the Step: 4|滚动需求订单|CLICK|滚动需求订单-tab滚动需求
2020-07-28 18:02:10,449 [INFO]: #  --- success ---
2020-07-28 18:02:10,650 [INFO]: #  Run the Step: 5|滚动需求订单|CLICK|滚动需求订单-btn新增
2020-07-28 18:02:13,990 [INFO]: #  --- success ---
2020-07-28 18:02:14,197 [INFO]: #  Run the Step: 6|滚动需求订单|CLICK|滚动需求订单-sel预交日期
2020-07-28 18:02:20,724 [INFO]: #  --- success ---
2020-07-28 18:02:20,991 [INFO]: #  Run the Step: 7|滚动需求订单|CLICK|滚动需求订单-val预交日期
2020-07-28 18:02:24,781 [INFO]: #  --- success ---
2020-07-28 18:02:24,992 [INFO]: #  Run the Step: 8|滚动需求订单|CLICK|滚动需求订单-sel客户名称
2020-07-28 18:02:27,148 [INFO]: #  --- success ---
2020-07-28 18:02:27,348 [INFO]: #  Run the Step: 9|滚动需求订单|CLICK|滚动需求订单-val客户名称-美的
2020-07-28 18:02:29,292 [INFO]: #  --- success ---
2020-07-28 18:02:29,493 [INFO]: #  Run the Step: 10|滚动需求订单|CLICK|滚动需求订单-sel订单等级
2020-07-28 18:02:31,037 [INFO]: #  --- success ---
2020-07-28 18:02:31,238 [INFO]: #  Run the Step: 11|滚动需求订单|CLICK|滚动需求订单-val订单等级-正常
2020-07-28 18:02:32,666 [INFO]: #  --- success ---
2020-07-28 18:02:32,867 [INFO]: #  Run the Step: 12|滚动需求订单|CLICK|滚动需求订单-sel业务部门
2020-07-28 18:02:37,217 [INFO]: #  --- success ---
2020-07-28 18:02:37,425 [INFO]: #  Run the Step: 13|滚动需求订单|CLICK|滚动需求订单-val业务部门-办公室
2020-07-28 18:02:40,769 [INFO]: #  --- success ---
2020-07-28 18:02:40,970 [INFO]: #  Run the Step: 14|滚动需求订单|CLICK|滚动需求订单-sel业务人员
2020-07-28 18:02:42,268 [INFO]: #  --- success ---
2020-07-28 18:02:42,469 [INFO]: #  Run the Step: 15|滚动需求订单|CLICK|滚动需求订单-val业务人员-周文杰
2020-07-28 18:02:45,940 [INFO]: #  --- success ---
2020-07-28 18:02:46,141 [INFO]: #  Run the Step: 16|滚动需求订单|CLICK|滚动需求订单-sel交货验收
2020-07-28 18:02:48,731 [INFO]: #  --- success ---
2020-07-28 18:02:48,931 [INFO]: #  Run the Step: 17|滚动需求订单|CLICK|滚动需求订单-val交货验收-否
2020-07-28 18:02:50,520 [INFO]: #  --- success ---
2020-07-28 18:02:50,778 [INFO]: #  Run the Step: 18|滚动需求订单|CLICK|滚动需求订单-btn订单明细-添加
2020-07-28 18:02:55,517 [INFO]: #  --- success ---
2020-07-28 18:02:55,728 [INFO]: #  Run the Step: 19|滚动需求订单|CLICK|滚动需求订单-sel物料编码
2020-07-28 18:02:57,822 [INFO]: #  --- success ---
2020-07-28 18:02:58,022 [INFO]: #  Run the Step: 20|滚动需求订单|INPUT|滚动需求订单-inp选择物料
2020-07-28 18:03:02,126 [INFO]: #  --- success ---
2020-07-28 18:03:02,359 [INFO]: #  Run the Step: 21|滚动需求订单|CLICK|滚动需求订单-val物料编码-风扇罩-K333A0042-W1N-PP-不要求-NW-054
2020-07-28 18:03:05,663 [INFO]: #  --- success ---
2020-07-28 18:03:05,863 [INFO]: #  Run the Step: 22|滚动需求订单|INPUT|滚动需求订单-inp数量
2020-07-28 18:03:07,604 [INFO]: #  --- success ---
2020-07-28 18:03:07,820 [INFO]: #  Run the Step: 23|滚动需求订单|CLICK|滚动需求订单-sel订单明细-单价
2020-07-28 18:03:09,270 [INFO]: #  --- success ---
2020-07-28 18:03:09,472 [INFO]: #  Run the Step: 24|滚动需求订单|CHECK|滚动需求订单-sel订单明细-交货地点
2020-07-28 18:03:09,725 [INFO]: #  DATA:'B2成品货位'
2020-07-28 18:03:09,726 [INFO]: #  REAL:'B2成品货位'
2020-07-28 18:03:09,727 [INFO]: #  --- success ---
2020-07-28 18:03:09,927 [INFO]: #  Run the Step: 25|滚动需求订单|INPUT|滚动需求订单-inp备注
2020-07-28 18:03:11,928 [INFO]: #  --- success ---
2020-07-28 18:03:12,136 [INFO]: #  --- success ---
2020-07-28 18:03:12,336 [INFO]: #  Run the Step: 2|滚动需求订单|CLICK|通用-btn直接提交
2020-07-28 18:03:13,206 [INFO]: #  --- success ---
2020-07-28 18:03:13,412 [INFO]: #  Run the Step: 3|滚动需求订单|CLICK|通用-btn直接提交-确定
2020-07-28 18:03:14,525 [INFO]: #  --- success ---
2020-07-28 18:03:14,742 [INFO]: #  Run the Step: 4|滚动需求订单|CHECK|滚动需求订单-lab滚动单状态#已提交
2020-07-28 18:03:41,256 [ERROR]: #  +++ failure +++
Traceback (most recent call last):
  File "D:\daitest\daitest2\daitest\locator.py", line 32, in locating_element
    el_location = wait.until(EC.presence_of_element_located(
  File "C:\Users\archmage\AppData\Local\Programs\Python\Python38-32\lib\site-packages\selenium\webdriver\support\wait.py", line 80, in until
    raise TimeoutException(message, screen, stacktrace)
selenium.common.exceptions.TimeoutException: Message: 


During handling of the above exception, another exception occurred:

Traceback (most recent call last):
  File "D:\daitest\daitest2\daitest\locator.py", line 37, in locating_element
    el_location = wait.until(EC.presence_of_element_located(
  File "C:\Users\archmage\AppData\Local\Programs\Python\Python38-32\lib\site-packages\selenium\webdriver\support\wait.py", line 80, in until
    raise TimeoutException(message, screen, stacktrace)
selenium.common.exceptions.TimeoutException: Message: 


During handling of the above exception, another exception occurred:

Traceback (most recent call last):
  File "D:\daitest\daitest2\daitest\testcase.py", line 137, in run
    element = getattr(web, step['keyword'].lower())(step)
  File "D:\daitest\daitest2\daitest\keywords\web.py", line 83, in check
    element_location = locating_element(element)
  File "D:\daitest\daitest2\daitest\locator.py", line 40, in locating_element
    raise Exception('Locating the element:%s is Failure: Timeout' % element)
Exception: Locating the element:滚动需求订单-lab滚动单状态#已提交 is Failure: Timeout
2020-07-28 18:03:41,258 [INFO]: #  ==================================================
2020-07-28 18:03:41,259 [INFO]: #  ...No SETUP testcase need to run...
2020-07-28 18:03:41,259 [INFO]: #  --------------------------------------------------
2020-07-28 18:03:41,259 [INFO]: #  >>> Run the TestCase: DQ_001|删除需求订单
2020-07-28 18:03:41,259 [INFO]: #  Run the Step: 1|用例片段|EXECUTE|CQ_001
2020-07-28 18:03:41,261 [INFO]: #  >>> Run the TestCase: CQ_001|新增需求订单
2020-07-28 18:03:41,262 [INFO]: #  Run the Step: 1|滚动需求订单|CLICK|通用-左侧栏一级菜单#销售管理
2020-07-28 18:03:42,002 [INFO]: #  --- success ---
2020-07-28 18:03:42,209 [INFO]: #  Run the Step: 2|滚动需求订单|CLICK|通用-左侧栏二级菜单#需求订单
2020-07-28 18:03:42,857 [INFO]: #  --- success ---
2020-07-28 18:03:43,063 [INFO]: #  Run the Step: 3|滚动需求订单|CLICK|通用-左侧栏一级菜单#销售管理
2020-07-28 18:03:43,744 [INFO]: #  --- success ---
2020-07-28 18:03:43,945 [INFO]: #  Run the Step: 4|滚动需求订单|CLICK|滚动需求订单-tab滚动需求
2020-07-28 18:04:10,385 [ERROR]: #  +++ failure +++
Traceback (most recent call last):
  File "D:\daitest\daitest2\daitest\locator.py", line 32, in locating_element
    el_location = wait.until(EC.presence_of_element_located(
  File "C:\Users\archmage\AppData\Local\Programs\Python\Python38-32\lib\site-packages\selenium\webdriver\support\wait.py", line 80, in until
    raise TimeoutException(message, screen, stacktrace)
selenium.common.exceptions.TimeoutException: Message: 


During handling of the above exception, another exception occurred:

Traceback (most recent call last):
  File "D:\daitest\daitest2\daitest\locator.py", line 37, in locating_element
    el_location = wait.until(EC.presence_of_element_located(
  File "C:\Users\archmage\AppData\Local\Programs\Python\Python38-32\lib\site-packages\selenium\webdriver\support\wait.py", line 80, in until
    raise TimeoutException(message, screen, stacktrace)
selenium.common.exceptions.TimeoutException: Message: 


During handling of the above exception, another exception occurred:

Traceback (most recent call last):
  File "D:\daitest\daitest2\daitest\testcase.py", line 137, in run
    element = getattr(web, step['keyword'].lower())(step)
  File "D:\daitest\daitest2\daitest\keywords\web.py", line 175, in click
    element_location = locating_element(element, 'CLICK')
  File "D:\daitest\daitest2\daitest\locator.py", line 40, in locating_element
    raise Exception('Locating the element:%s is Failure: Timeout' % element)
Exception: Locating the element:滚动需求订单-tab滚动需求 is Failure: Timeout
2020-07-28 18:04:10,386 [INFO]: #  ==================================================
2020-07-28 18:04:10,386 [INFO]: #  ...No SETUP testcase need to run...
2020-07-28 18:04:10,387 [INFO]: #  --------------------------------------------------
2020-07-28 18:04:10,387 [INFO]: #  >>> Run the TestCase: CH_001|查看需求订单
2020-07-28 18:04:10,387 [INFO]: #  Run the Step: 1|用例片段|EXECUTE|CQ_001
2020-07-28 18:04:10,389 [INFO]: #  >>> Run the TestCase: CQ_001|新增需求订单
2020-07-28 18:04:10,389 [INFO]: #  Run the Step: 1|滚动需求订单|CLICK|通用-左侧栏一级菜单#销售管理
2020-07-28 18:04:11,110 [INFO]: #  --- success ---
2020-07-28 18:04:11,311 [INFO]: #  Run the Step: 2|滚动需求订单|CLICK|通用-左侧栏二级菜单#需求订单
2020-07-28 18:04:11,950 [INFO]: #  --- success ---
2020-07-28 18:04:12,151 [INFO]: #  Run the Step: 3|滚动需求订单|CLICK|通用-左侧栏一级菜单#销售管理
2020-07-28 18:04:12,833 [INFO]: #  --- success ---
2020-07-28 18:04:13,034 [INFO]: #  Run the Step: 4|滚动需求订单|CLICK|滚动需求订单-tab滚动需求
2020-07-28 18:04:39,449 [ERROR]: #  +++ failure +++
Traceback (most recent call last):
  File "D:\daitest\daitest2\daitest\locator.py", line 32, in locating_element
    el_location = wait.until(EC.presence_of_element_located(
  File "C:\Users\archmage\AppData\Local\Programs\Python\Python38-32\lib\site-packages\selenium\webdriver\support\wait.py", line 80, in until
    raise TimeoutException(message, screen, stacktrace)
selenium.common.exceptions.TimeoutException: Message: 


During handling of the above exception, another exception occurred:

Traceback (most recent call last):
  File "D:\daitest\daitest2\daitest\locator.py", line 37, in locating_element
    el_location = wait.until(EC.presence_of_element_located(
  File "C:\Users\archmage\AppData\Local\Programs\Python\Python38-32\lib\site-packages\selenium\webdriver\support\wait.py", line 80, in until
    raise TimeoutException(message, screen, stacktrace)
selenium.common.exceptions.TimeoutException: Message: 


During handling of the above exception, another exception occurred:

Traceback (most recent call last):
  File "D:\daitest\daitest2\daitest\testcase.py", line 137, in run
    element = getattr(web, step['keyword'].lower())(step)
  File "D:\daitest\daitest2\daitest\keywords\web.py", line 175, in click
    element_location = locating_element(element, 'CLICK')
  File "D:\daitest\daitest2\daitest\locator.py", line 40, in locating_element
    raise Exception('Locating the element:%s is Failure: Timeout' % element)
Exception: Locating the element:滚动需求订单-tab滚动需求 is Failure: Timeout
2020-07-28 18:04:41,675 [INFO]: #  --- Quit th Driver: Chrome
