2020-08-20 19:56:58,483 [INFO]: #  From Excel import testsuite success
2020-08-20 19:57:01,584 [INFO]: #  --------------------------------------------------
2020-08-20 19:57:01,589 [INFO]: #  >>> Run the TestCase: HOME_001|打开云塑ERP
2020-08-20 19:57:01,589 [INFO]: #  Run the Step: 1|通用|OPEN|通用-首页链接
2020-08-20 19:57:04,876 [INFO]: #  --- success ---
2020-08-20 19:57:05,076 [INFO]: #  Run the Step: 2|通用|CHECK|通用-页面title
2020-08-20 19:57:05,077 [INFO]: #  DATA:'云塑 企业资源计划管理系统'
2020-08-20 19:57:05,083 [INFO]: #  REAL:'云塑 企业资源计划管理系统'
2020-08-20 19:57:05,092 [INFO]: #  --- success ---
2020-08-20 19:57:05,293 [INFO]: #  --------------------------------------------------
2020-08-20 19:57:05,297 [INFO]: #  >>> Run the TestCase: Login_001|登录
2020-08-20 19:57:05,297 [INFO]: #  Run the Step: 1|登录页面|INPUT|登录页面-账号输入框
2020-08-20 19:57:06,064 [INFO]: #  --- success ---
2020-08-20 19:57:06,264 [INFO]: #  Run the Step: 2|登录页面|INPUT|登录页面-密码输入框
2020-08-20 19:57:07,075 [INFO]: #  --- success ---
2020-08-20 19:57:07,275 [INFO]: #  Run the Step: 3|登录页面|CLICK|登录页面-确定按钮
2020-08-20 19:57:07,952 [INFO]: #  --- success ---
2020-08-20 19:57:08,156 [INFO]: #  Run the Step: 4|登录页面|CHECK|通用-页面加载校验
2020-08-20 19:57:09,803 [INFO]: #  DATA:'欢迎进入 云塑企业资源计划管理系统'
2020-08-20 19:57:09,803 [INFO]: #  REAL:'欢迎进入 云塑企业资源计划管理系统'
2020-08-20 19:57:09,809 [INFO]: #  --- success ---
2020-08-20 19:57:10,009 [INFO]: #  Run the Step: 5|通用|SCRIPT|通用-localStorage.setItem("site", <hint>);
2020-08-20 19:57:10,476 [ERROR]: #  +++ failure +++
Traceback (most recent call last):
  File "D:\daitest\daitest2\daitest\testcase.py", line 137, in run
    element = getattr(web, step['keyword'].lower())(step)
  File "D:\daitest\daitest2\daitest\keywords\web.py", line 284, in script
    g.driver.execute_script(value)
  File "C:\Users\archmage\AppData\Local\Programs\Python\Python38\lib\site-packages\selenium\webdriver\remote\webdriver.py", line 634, in execute_script
    return self.execute(command, {
  File "C:\Users\archmage\AppData\Local\Programs\Python\Python38\lib\site-packages\selenium\webdriver\remote\webdriver.py", line 321, in execute
    self.error_handler.check_response(response)
  File "C:\Users\archmage\AppData\Local\Programs\Python\Python38\lib\site-packages\selenium\webdriver\remote\errorhandler.py", line 242, in check_response
    raise exception_class(message, screen, stacktrace)
selenium.common.exceptions.WebDriverException: Message: unknown error: 通用 is not defined
  (Session info: chrome=84.0.4147.135)
  (Driver info: chromedriver=2.44.609538 (b655c5a60b0b544917107a59d4153d4bf78e1b90),platform=Windows NT 6.1.7601 SP1 x86_64)

2020-08-20 19:57:10,479 [WARNING]: #  Run the testcase: Login_001|登录 Failure, BASE is not success. Break the AutoTest
2020-08-20 19:57:12,742 [INFO]: #  --- Quit th Driver: Chrome
2020-08-20 19:57:12,762 [INFO]: #  From Excel import testsuite success
2020-08-20 19:57:15,872 [INFO]: #  --------------------------------------------------
2020-08-20 19:57:15,872 [INFO]: #  >>> Run the TestCase: HOME_001|打开云塑ERP
2020-08-20 19:57:15,872 [INFO]: #  Run the Step: 1|通用|OPEN|通用-首页链接
2020-08-20 19:57:18,826 [INFO]: #  --- success ---
2020-08-20 19:57:19,026 [INFO]: #  Run the Step: 2|通用|CHECK|通用-页面title
2020-08-20 19:57:19,026 [INFO]: #  DATA:'云塑 企业资源计划管理系统'
2020-08-20 19:57:19,034 [INFO]: #  REAL:'云塑 企业资源计划管理系统'
2020-08-20 19:57:19,044 [INFO]: #  --- success ---
2020-08-20 19:57:19,248 [INFO]: #  --------------------------------------------------
2020-08-20 19:57:19,248 [INFO]: #  >>> Run the TestCase: Login_001|登录
2020-08-20 19:57:19,248 [INFO]: #  Run the Step: 1|登录页面|INPUT|登录页面-账号输入框
2020-08-20 19:57:20,077 [INFO]: #  --- success ---
2020-08-20 19:57:20,283 [INFO]: #  Run the Step: 2|登录页面|INPUT|登录页面-密码输入框
2020-08-20 19:57:21,218 [INFO]: #  --- success ---
2020-08-20 19:57:21,425 [INFO]: #  Run the Step: 3|登录页面|CLICK|登录页面-确定按钮
2020-08-20 19:57:22,067 [INFO]: #  --- success ---
2020-08-20 19:57:22,267 [INFO]: #  Run the Step: 4|登录页面|CHECK|通用-页面加载校验
2020-08-20 19:57:23,972 [INFO]: #  DATA:'欢迎进入 云塑企业资源计划管理系统'
2020-08-20 19:57:23,972 [INFO]: #  REAL:'欢迎进入 云塑企业资源计划管理系统'
2020-08-20 19:57:23,973 [INFO]: #  --- success ---
2020-08-20 19:57:24,173 [INFO]: #  ==================================================
2020-08-20 19:57:24,175 [INFO]: #  ...No SETUP testcase need to run...
2020-08-20 19:57:24,175 [INFO]: #  --------------------------------------------------
2020-08-20 19:57:24,176 [INFO]: #  >>> Run the TestCase: AEQ_001|审核编辑
2020-08-20 19:57:24,176 [INFO]: #  Run the Step: 1|用例片段|EXECUTE|CQ_001
2020-08-20 19:57:24,178 [INFO]: #  >>> Run the TestCase: CQ_001|新增其他出库
2020-08-20 19:57:24,179 [INFO]: #  Run the Step: 1|登录页面|CLICK|通用-左侧栏一级菜单#仓库管理
2020-08-20 19:57:24,963 [INFO]: #  --- success ---
2020-08-20 19:57:25,163 [INFO]: #  Run the Step: 2|登录页面|CLICK|通用-左侧栏二级菜单#出库管理
2020-08-20 19:57:27,523 [INFO]: #  --- success ---
2020-08-20 19:57:27,728 [INFO]: #  Run the Step: 3|登录页面|CLICK|通用-左侧栏一级菜单#仓库管理
2020-08-20 19:57:28,578 [INFO]: #  --- success ---
2020-08-20 19:57:28,788 [INFO]: #  Run the Step: 4|其他出库|CLICK|其他出库-tab其他出库
2020-08-20 19:57:29,913 [INFO]: #  --- success ---
2020-08-20 19:57:30,114 [INFO]: #  Run the Step: 5|其他出库|CLICK|其他出库-btn新增
2020-08-20 19:57:31,688 [INFO]: #  --- success ---
2020-08-20 19:57:31,888 [INFO]: #  Run the Step: 6|其他出库|CHECK|其他出库-lab出库状态#未定义
2020-08-20 19:57:32,230 [INFO]: #  DATA:'未定义'
2020-08-20 19:57:32,231 [INFO]: #  REAL:'未定义'
2020-08-20 19:57:32,231 [INFO]: #  --- success ---
2020-08-20 19:57:32,433 [INFO]: #  Run the Step: 7|其他出库|CLICK|其他出库-sel出库类型
2020-08-20 19:57:33,329 [INFO]: #  --- success ---
2020-08-20 19:57:33,529 [INFO]: #  Run the Step: 8|其他出库|CLICK|其他出库-val出库类型-送货
2020-08-20 19:57:34,266 [INFO]: #  --- success ---
2020-08-20 19:57:34,467 [INFO]: #  Run the Step: 9|其他出库|CLICK|其他出库-btn新 增
2020-08-20 19:57:35,302 [INFO]: #  --- success ---
2020-08-20 19:57:35,502 [INFO]: #  Run the Step: 10|其他出库|CLICK|其他出库-sel物料编码
2020-08-20 19:57:36,283 [INFO]: #  --- success ---
2020-08-20 19:57:36,483 [INFO]: #  Run the Step: 11|其他出库|CLICK|其他出库-val物料编码-1204142
2020-08-20 19:57:37,428 [INFO]: #  --- success ---
2020-08-20 19:57:37,637 [INFO]: #  Run the Step: 12|其他出库|INPUT|其他出库-inp出库数量
2020-08-20 19:57:38,406 [INFO]: #  --- success ---
2020-08-20 19:57:38,606 [INFO]: #  Run the Step: 13|其他出库|CLICK|其他出库-btn新 增
2020-08-20 19:57:39,383 [INFO]: #  --- success ---
2020-08-20 19:57:39,588 [INFO]: #  Run the Step: 14|其他出库|CLICK|其他出库-sel物料编码
2020-08-20 19:57:40,328 [INFO]: #  --- success ---
2020-08-20 19:57:40,531 [INFO]: #  Run the Step: 15|其他出库|CLICK|其他出库-val物料编码-11002010000143
2020-08-20 19:57:41,328 [INFO]: #  --- success ---
2020-08-20 19:57:41,528 [INFO]: #  Run the Step: 16|其他出库|INPUT|其他出库-inp出库数量
2020-08-20 19:57:42,343 [INFO]: #  --- success ---
2020-08-20 19:57:42,553 [INFO]: #  --- success ---
2020-08-20 19:57:42,754 [INFO]: #  Run the Step: 2|其他出库|CLICK|通用-btn直接提交
2020-08-20 19:57:43,462 [INFO]: #  --- success ---
2020-08-20 19:57:43,663 [INFO]: #  Run the Step: 3|其他出库|CLICK|通用-btn直接提交-确定
2020-08-20 19:57:44,412 [INFO]: #  --- success ---
2020-08-20 19:57:44,612 [INFO]: #  Run the Step: 4|其他出库|CHECK|其他出库-lab出库状态#已提交
2020-08-20 19:58:11,164 [ERROR]: #  +++ failure +++
Traceback (most recent call last):
  File "D:\daitest\daitest2\daitest\locator.py", line 32, in locating_element
    el_location = wait.until(EC.presence_of_element_located(
  File "C:\Users\archmage\AppData\Local\Programs\Python\Python38\lib\site-packages\selenium\webdriver\support\wait.py", line 80, in until
    raise TimeoutException(message, screen, stacktrace)
selenium.common.exceptions.TimeoutException: Message: 


During handling of the above exception, another exception occurred:

Traceback (most recent call last):
  File "D:\daitest\daitest2\daitest\locator.py", line 37, in locating_element
    el_location = wait.until(EC.presence_of_element_located(
  File "C:\Users\archmage\AppData\Local\Programs\Python\Python38\lib\site-packages\selenium\webdriver\support\wait.py", line 80, in until
    raise TimeoutException(message, screen, stacktrace)
selenium.common.exceptions.TimeoutException: Message: 


During handling of the above exception, another exception occurred:

Traceback (most recent call last):
  File "D:\daitest\daitest2\daitest\testcase.py", line 137, in run
    element = getattr(web, step['keyword'].lower())(step)
  File "D:\daitest\daitest2\daitest\keywords\web.py", line 83, in check
    element_location = locating_element(element)
  File "D:\daitest\daitest2\daitest\locator.py", line 40, in locating_element
    raise Exception('Locating the element:%s is Failure: Timeout' % element)
Exception: Locating the element:其他出库-lab出库状态#已提交 is Failure: Timeout
2020-08-20 19:58:11,168 [INFO]: #  ==================================================
2020-08-20 19:58:11,169 [INFO]: #  ...No SETUP testcase need to run...
2020-08-20 19:58:11,169 [INFO]: #  --------------------------------------------------
2020-08-20 19:58:11,169 [INFO]: #  >>> Run the TestCase: DQ_001|删除出库订单
2020-08-20 19:58:11,170 [INFO]: #  Run the Step: 1|用例片段|EXECUTE|CQ_001
2020-08-20 19:58:11,171 [INFO]: #  >>> Run the TestCase: CQ_001|新增其他出库
2020-08-20 19:58:11,172 [INFO]: #  Run the Step: 1|其他出库|CLICK|通用-左侧栏一级菜单#仓库管理
2020-08-20 19:58:11,671 [ERROR]: #  +++ failure +++
Traceback (most recent call last):
  File "D:\daitest\daitest2\daitest\testcase.py", line 137, in run
    element = getattr(web, step['keyword'].lower())(step)
  File "D:\daitest\daitest2\daitest\keywords\web.py", line 178, in click
    element_location.click()
  File "C:\Users\archmage\AppData\Local\Programs\Python\Python38\lib\site-packages\selenium\webdriver\remote\webelement.py", line 80, in click
    self._execute(Command.CLICK_ELEMENT)
  File "C:\Users\archmage\AppData\Local\Programs\Python\Python38\lib\site-packages\selenium\webdriver\remote\webelement.py", line 633, in _execute
    return self._parent.execute(command, params)
  File "C:\Users\archmage\AppData\Local\Programs\Python\Python38\lib\site-packages\selenium\webdriver\remote\webdriver.py", line 321, in execute
    self.error_handler.check_response(response)
  File "C:\Users\archmage\AppData\Local\Programs\Python\Python38\lib\site-packages\selenium\webdriver\remote\errorhandler.py", line 242, in check_response
    raise exception_class(message, screen, stacktrace)
selenium.common.exceptions.WebDriverException: Message: unknown error: Element <div aria-haspopup="true" class="ant-menu-submenu-title" style="padding-left: 24px;">...</div> is not clickable at point (100, 659). Other element would receive the click: <div tabindex="-1" role="dialog" class="ant-modal-wrap ">...</div>
  (Session info: chrome=84.0.4147.135)
  (Driver info: chromedriver=2.44.609538 (b655c5a60b0b544917107a59d4153d4bf78e1b90),platform=Windows NT 6.1.7601 SP1 x86_64)

2020-08-20 19:58:11,672 [INFO]: #  ==================================================
2020-08-20 19:58:11,672 [INFO]: #  ...No SETUP testcase need to run...
2020-08-20 19:58:11,672 [INFO]: #  --------------------------------------------------
2020-08-20 19:58:11,673 [INFO]: #  >>> Run the TestCase: CH_001|查看需求订单
2020-08-20 19:58:11,673 [INFO]: #  Run the Step: 1|用例片段|EXECUTE|CQ_001
2020-08-20 19:58:11,674 [INFO]: #  >>> Run the TestCase: CQ_001|新增其他出库
2020-08-20 19:58:11,674 [INFO]: #  Run the Step: 1|其他出库|CLICK|通用-左侧栏一级菜单#仓库管理
2020-08-20 19:58:12,203 [ERROR]: #  +++ failure +++
Traceback (most recent call last):
  File "D:\daitest\daitest2\daitest\testcase.py", line 137, in run
    element = getattr(web, step['keyword'].lower())(step)
  File "D:\daitest\daitest2\daitest\keywords\web.py", line 178, in click
    element_location.click()
  File "C:\Users\archmage\AppData\Local\Programs\Python\Python38\lib\site-packages\selenium\webdriver\remote\webelement.py", line 80, in click
    self._execute(Command.CLICK_ELEMENT)
  File "C:\Users\archmage\AppData\Local\Programs\Python\Python38\lib\site-packages\selenium\webdriver\remote\webelement.py", line 633, in _execute
    return self._parent.execute(command, params)
  File "C:\Users\archmage\AppData\Local\Programs\Python\Python38\lib\site-packages\selenium\webdriver\remote\webdriver.py", line 321, in execute
    self.error_handler.check_response(response)
  File "C:\Users\archmage\AppData\Local\Programs\Python\Python38\lib\site-packages\selenium\webdriver\remote\errorhandler.py", line 242, in check_response
    raise exception_class(message, screen, stacktrace)
selenium.common.exceptions.WebDriverException: Message: unknown error: Element <div aria-haspopup="true" class="ant-menu-submenu-title" style="padding-left: 24px;">...</div> is not clickable at point (100, 659). Other element would receive the click: <div tabindex="-1" role="dialog" class="ant-modal-wrap ">...</div>
  (Session info: chrome=84.0.4147.135)
  (Driver info: chromedriver=2.44.609538 (b655c5a60b0b544917107a59d4153d4bf78e1b90),platform=Windows NT 6.1.7601 SP1 x86_64)

2020-08-20 19:58:14,501 [INFO]: #  --- Quit th Driver: Chrome
