2020-08-20 18:01:25,665 [INFO]: #  From Excel import testsuite success
2020-08-20 18:01:29,367 [INFO]: #  --------------------------------------------------
2020-08-20 18:01:29,368 [INFO]: #  >>> Run the TestCase: HOME_001|打开云塑ERP
2020-08-20 18:01:29,368 [INFO]: #  Run the Step: 1|通用|OPEN|通用-首页链接
2020-08-20 18:01:32,391 [INFO]: #  --- success ---
2020-08-20 18:01:32,591 [INFO]: #  Run the Step: 2|通用|CHECK|通用-页面title
2020-08-20 18:01:32,591 [INFO]: #  DATA:'云塑 企业资源计划管理系统'
2020-08-20 18:01:32,597 [INFO]: #  REAL:'云塑 企业资源计划管理系统'
2020-08-20 18:01:32,606 [INFO]: #  --- success ---
2020-08-20 18:01:32,807 [INFO]: #  --------------------------------------------------
2020-08-20 18:01:32,816 [INFO]: #  >>> Run the TestCase: Login_001|登录
2020-08-20 18:01:32,816 [INFO]: #  Run the Step: 1|登录页面|INPUT|登录页面-账号输入框
2020-08-20 18:01:33,632 [INFO]: #  --- success ---
2020-08-20 18:01:33,832 [INFO]: #  Run the Step: 2|登录页面|INPUT|登录页面-密码输入框
2020-08-20 18:01:34,731 [INFO]: #  --- success ---
2020-08-20 18:01:34,937 [INFO]: #  Run the Step: 3|登录页面|CLICK|登录页面-确定按钮
2020-08-20 18:01:35,637 [INFO]: #  --- success ---
2020-08-20 18:01:35,838 [INFO]: #  Run the Step: 4|登录页面|CHECK|通用-页面加载校验
2020-08-20 18:01:37,659 [INFO]: #  DATA:'欢迎进入 云塑企业资源计划管理系统'
2020-08-20 18:01:37,659 [INFO]: #  REAL:'欢迎进入 云塑企业资源计划管理系统'
2020-08-20 18:01:37,669 [INFO]: #  --- success ---
2020-08-20 18:01:37,869 [INFO]: #  Page:通用 element:window.alert("hello");
2020-08-20 18:01:37,876 [INFO]: #  Run the Step: 5|通用|SCRIPT|window.alert("hello");
2020-08-20 18:01:37,888 [INFO]: #  --- success ---
2020-08-20 18:01:38,088 [INFO]: #  Page:通用 element:window.alert("wo");
2020-08-20 18:01:38,088 [INFO]: #  Run the Step: 6|通用|SCRIPT|window.alert("wo");
2020-08-20 18:01:38,098 [ERROR]: #  *** save the screenshot is failure ***
Traceback (most recent call last):
  File "D:\daitest\daitest2\daitest\testcase.py", line 137, in run
    element = getattr(web, step['keyword'].lower())(step)
  File "D:\daitest\daitest2\daitest\keywords\web.py", line 284, in script
    g.driver.execute_script(value)
  File "C:\Users\archmage\AppData\Local\Programs\Python\Python38\lib\site-packages\selenium\webdriver\remote\webdriver.py", line 634, in execute_script
    return self.execute(command, {
  File "C:\Users\archmage\AppData\Local\Programs\Python\Python38\lib\site-packages\selenium\webdriver\remote\webdriver.py", line 321, in execute
    self.error_handler.check_response(response)
  File "C:\Users\archmage\AppData\Local\Programs\Python\Python38\lib\site-packages\selenium\webdriver\remote\errorhandler.py", line 241, in check_response
    raise exception_class(message, screen, stacktrace, alert_text)
selenium.common.exceptions.UnexpectedAlertPresentException: Alert Text: None
Message: unexpected alert open: {Alert text : hello}
  (Session info: chrome=84.0.4147.135)
  (Driver info: chromedriver=2.44.609538 (b655c5a60b0b544917107a59d4153d4bf78e1b90),platform=Windows NT 6.1.7601 SP1 x86_64)


During handling of the above exception, another exception occurred:

Traceback (most recent call last):
  File "D:\daitest\daitest2\daitest\testcase.py", line 227, in run
    g.driver.get_screenshot_as_file(step['snapshot']['Failure'])
  File "C:\Users\archmage\AppData\Local\Programs\Python\Python38\lib\site-packages\selenium\webdriver\remote\webdriver.py", line 1032, in get_screenshot_as_file
    png = self.get_screenshot_as_png()
  File "C:\Users\archmage\AppData\Local\Programs\Python\Python38\lib\site-packages\selenium\webdriver\remote\webdriver.py", line 1064, in get_screenshot_as_png
    return base64.b64decode(self.get_screenshot_as_base64().encode('ascii'))
  File "C:\Users\archmage\AppData\Local\Programs\Python\Python38\lib\site-packages\selenium\webdriver\remote\webdriver.py", line 1074, in get_screenshot_as_base64
    return self.execute(Command.SCREENSHOT)['value']
  File "C:\Users\archmage\AppData\Local\Programs\Python\Python38\lib\site-packages\selenium\webdriver\remote\webdriver.py", line 321, in execute
    self.error_handler.check_response(response)
  File "C:\Users\archmage\AppData\Local\Programs\Python\Python38\lib\site-packages\selenium\webdriver\remote\errorhandler.py", line 241, in check_response
    raise exception_class(message, screen, stacktrace, alert_text)
selenium.common.exceptions.UnexpectedAlertPresentException: Alert Text: None
Message: unexpected alert open: {Alert text : hello}
  (Session info: chrome=84.0.4147.135)
  (Driver info: chromedriver=2.44.609538 (b655c5a60b0b544917107a59d4153d4bf78e1b90),platform=Windows NT 6.1.7601 SP1 x86_64)

2020-08-20 18:01:38,101 [ERROR]: #  +++ failure +++
Traceback (most recent call last):
  File "D:\daitest\daitest2\daitest\testcase.py", line 137, in run
    element = getattr(web, step['keyword'].lower())(step)
  File "D:\daitest\daitest2\daitest\keywords\web.py", line 284, in script
    g.driver.execute_script(value)
  File "C:\Users\archmage\AppData\Local\Programs\Python\Python38\lib\site-packages\selenium\webdriver\remote\webdriver.py", line 634, in execute_script
    return self.execute(command, {
  File "C:\Users\archmage\AppData\Local\Programs\Python\Python38\lib\site-packages\selenium\webdriver\remote\webdriver.py", line 321, in execute
    self.error_handler.check_response(response)
  File "C:\Users\archmage\AppData\Local\Programs\Python\Python38\lib\site-packages\selenium\webdriver\remote\errorhandler.py", line 241, in check_response
    raise exception_class(message, screen, stacktrace, alert_text)
selenium.common.exceptions.UnexpectedAlertPresentException: Alert Text: None
Message: unexpected alert open: {Alert text : hello}
  (Session info: chrome=84.0.4147.135)
  (Driver info: chromedriver=2.44.609538 (b655c5a60b0b544917107a59d4153d4bf78e1b90),platform=Windows NT 6.1.7601 SP1 x86_64)

2020-08-20 18:01:38,102 [WARNING]: #  Run the testcase: Login_001|登录 Failure, BASE is not success. Break the AutoTest
2020-08-20 18:01:40,377 [INFO]: #  --- Quit th Driver: Chrome
2020-08-20 18:01:40,417 [INFO]: #  From Excel import testsuite success
2020-08-20 18:01:43,467 [INFO]: #  --------------------------------------------------
2020-08-20 18:01:43,468 [INFO]: #  >>> Run the TestCase: HOME_001|打开云塑ERP
2020-08-20 18:01:43,468 [INFO]: #  Run the Step: 1|通用|OPEN|通用-首页链接
2020-08-20 18:01:46,439 [INFO]: #  --- success ---
2020-08-20 18:01:46,639 [INFO]: #  Run the Step: 2|通用|CHECK|通用-页面title
2020-08-20 18:01:46,639 [INFO]: #  DATA:'云塑 企业资源计划管理系统'
2020-08-20 18:01:46,645 [INFO]: #  REAL:'云塑 企业资源计划管理系统'
2020-08-20 18:01:46,654 [INFO]: #  --- success ---
2020-08-20 18:01:46,854 [INFO]: #  --------------------------------------------------
2020-08-20 18:01:46,854 [INFO]: #  >>> Run the TestCase: Login_001|登录
2020-08-20 18:01:46,854 [INFO]: #  Run the Step: 1|登录页面|INPUT|登录页面-账号输入框
2020-08-20 18:01:47,677 [INFO]: #  --- success ---
2020-08-20 18:01:47,885 [INFO]: #  Run the Step: 2|登录页面|INPUT|登录页面-密码输入框
2020-08-20 18:01:48,793 [INFO]: #  --- success ---
2020-08-20 18:01:48,993 [INFO]: #  Run the Step: 3|登录页面|CLICK|登录页面-确定按钮
2020-08-20 18:01:49,673 [INFO]: #  --- success ---
2020-08-20 18:01:49,873 [INFO]: #  Run the Step: 4|登录页面|CHECK|通用-页面加载校验
2020-08-20 18:01:51,537 [INFO]: #  DATA:'欢迎进入 云塑企业资源计划管理系统'
2020-08-20 18:01:51,538 [INFO]: #  REAL:'欢迎进入 云塑企业资源计划管理系统'
2020-08-20 18:01:51,538 [INFO]: #  --- success ---
2020-08-20 18:01:51,738 [INFO]: #  ==================================================
2020-08-20 18:01:51,738 [INFO]: #  ...No SETUP testcase need to run...
2020-08-20 18:01:51,738 [INFO]: #  --------------------------------------------------
2020-08-20 18:01:51,739 [INFO]: #  >>> Run the TestCase: AEQ_001|审核编辑
2020-08-20 18:01:51,739 [INFO]: #  Run the Step: 1|用例片段|EXECUTE|CQ_001
2020-08-20 18:01:51,741 [INFO]: #  >>> Run the TestCase: CQ_001|新增其他出库
2020-08-20 18:01:51,741 [INFO]: #  Run the Step: 1|登录页面|CLICK|通用-左侧栏一级菜单#仓库管理
2020-08-20 18:01:52,493 [INFO]: #  --- success ---
2020-08-20 18:01:52,694 [INFO]: #  Run the Step: 2|登录页面|CLICK|通用-左侧栏二级菜单#出库管理
2020-08-20 18:01:53,876 [INFO]: #  --- success ---
2020-08-20 18:01:54,076 [INFO]: #  Run the Step: 3|登录页面|CLICK|通用-左侧栏一级菜单#仓库管理
2020-08-20 18:01:54,767 [INFO]: #  --- success ---
2020-08-20 18:01:54,970 [INFO]: #  Run the Step: 4|其他出库|CLICK|其他出库-tab其他出库
2020-08-20 18:01:55,788 [INFO]: #  --- success ---
2020-08-20 18:01:55,990 [INFO]: #  Run the Step: 5|其他出库|CLICK|其他出库-btn新增
2020-08-20 18:01:56,921 [INFO]: #  --- success ---
2020-08-20 18:01:57,122 [INFO]: #  Run the Step: 6|其他出库|CHECK|其他出库-lab出库状态#未定义
2020-08-20 18:01:57,211 [INFO]: #  DATA:'未定义'
2020-08-20 18:01:57,211 [INFO]: #  REAL:'未定义'
2020-08-20 18:01:57,212 [INFO]: #  --- success ---
2020-08-20 18:01:57,412 [INFO]: #  Run the Step: 7|其他出库|CLICK|其他出库-sel出库类型
2020-08-20 18:01:58,112 [INFO]: #  --- success ---
2020-08-20 18:01:58,312 [INFO]: #  Run the Step: 8|其他出库|CLICK|其他出库-val出库类型-送货
2020-08-20 18:01:59,012 [INFO]: #  --- success ---
2020-08-20 18:01:59,212 [INFO]: #  Run the Step: 9|其他出库|CLICK|其他出库-btn新 增
2020-08-20 18:01:59,981 [INFO]: #  --- success ---
2020-08-20 18:02:00,182 [INFO]: #  Run the Step: 10|其他出库|CLICK|其他出库-sel物料编码
2020-08-20 18:02:00,879 [INFO]: #  --- success ---
2020-08-20 18:02:01,085 [INFO]: #  Run the Step: 11|其他出库|CLICK|其他出库-val物料编码-1204142
2020-08-20 18:02:01,808 [INFO]: #  --- success ---
2020-08-20 18:02:02,010 [INFO]: #  Run the Step: 12|其他出库|INPUT|其他出库-inp出库数量
2020-08-20 18:02:02,735 [INFO]: #  --- success ---
2020-08-20 18:02:02,935 [INFO]: #  Run the Step: 13|其他出库|CLICK|其他出库-btn新 增
2020-08-20 18:02:03,680 [INFO]: #  --- success ---
2020-08-20 18:02:03,881 [INFO]: #  Run the Step: 14|其他出库|CLICK|其他出库-sel物料编码
2020-08-20 18:02:04,538 [INFO]: #  --- success ---
2020-08-20 18:02:04,739 [INFO]: #  Run the Step: 15|其他出库|CLICK|其他出库-val物料编码-11002010000143
2020-08-20 18:02:05,479 [INFO]: #  --- success ---
2020-08-20 18:02:05,680 [INFO]: #  Run the Step: 16|其他出库|INPUT|其他出库-inp出库数量
2020-08-20 18:02:06,424 [INFO]: #  --- success ---
2020-08-20 18:02:06,624 [INFO]: #  --- success ---
2020-08-20 18:02:06,827 [INFO]: #  Run the Step: 2|其他出库|CLICK|通用-btn直接提交
2020-08-20 18:02:07,485 [INFO]: #  --- success ---
2020-08-20 18:02:07,685 [INFO]: #  Run the Step: 3|其他出库|CLICK|通用-btn直接提交-确定
2020-08-20 18:02:08,469 [INFO]: #  --- success ---
2020-08-20 18:02:08,669 [INFO]: #  Run the Step: 4|其他出库|CHECK|其他出库-lab出库状态#已提交
2020-08-20 18:02:35,115 [ERROR]: #  +++ failure +++
Traceback (most recent call last):
  File "D:\daitest\daitest2\daitest\locator.py", line 32, in locating_element
    el_location = wait.until(EC.presence_of_element_located(
  File "C:\Users\archmage\AppData\Local\Programs\Python\Python38\lib\site-packages\selenium\webdriver\support\wait.py", line 80, in until
    raise TimeoutException(message, screen, stacktrace)
selenium.common.exceptions.TimeoutException: Message: 


During handling of the above exception, another exception occurred:

Traceback (most recent call last):
  File "D:\daitest\daitest2\daitest\locator.py", line 37, in locating_element
    el_location = wait.until(EC.presence_of_element_located(
  File "C:\Users\archmage\AppData\Local\Programs\Python\Python38\lib\site-packages\selenium\webdriver\support\wait.py", line 80, in until
    raise TimeoutException(message, screen, stacktrace)
selenium.common.exceptions.TimeoutException: Message: 


During handling of the above exception, another exception occurred:

Traceback (most recent call last):
  File "D:\daitest\daitest2\daitest\testcase.py", line 137, in run
    element = getattr(web, step['keyword'].lower())(step)
  File "D:\daitest\daitest2\daitest\keywords\web.py", line 83, in check
    element_location = locating_element(element)
  File "D:\daitest\daitest2\daitest\locator.py", line 40, in locating_element
    raise Exception('Locating the element:%s is Failure: Timeout' % element)
Exception: Locating the element:其他出库-lab出库状态#已提交 is Failure: Timeout
2020-08-20 18:02:35,117 [INFO]: #  ==================================================
2020-08-20 18:02:35,125 [INFO]: #  ...No SETUP testcase need to run...
2020-08-20 18:02:35,126 [INFO]: #  --------------------------------------------------
2020-08-20 18:02:35,126 [INFO]: #  >>> Run the TestCase: DQ_001|删除出库订单
2020-08-20 18:02:35,126 [INFO]: #  Run the Step: 1|用例片段|EXECUTE|CQ_001
2020-08-20 18:02:35,128 [INFO]: #  >>> Run the TestCase: CQ_001|新增其他出库
2020-08-20 18:02:35,129 [INFO]: #  Run the Step: 1|其他出库|CLICK|通用-左侧栏一级菜单#仓库管理
2020-08-20 18:02:35,602 [ERROR]: #  +++ failure +++
Traceback (most recent call last):
  File "D:\daitest\daitest2\daitest\testcase.py", line 137, in run
    element = getattr(web, step['keyword'].lower())(step)
  File "D:\daitest\daitest2\daitest\keywords\web.py", line 178, in click
    element_location.click()
  File "C:\Users\archmage\AppData\Local\Programs\Python\Python38\lib\site-packages\selenium\webdriver\remote\webelement.py", line 80, in click
    self._execute(Command.CLICK_ELEMENT)
  File "C:\Users\archmage\AppData\Local\Programs\Python\Python38\lib\site-packages\selenium\webdriver\remote\webelement.py", line 633, in _execute
    return self._parent.execute(command, params)
  File "C:\Users\archmage\AppData\Local\Programs\Python\Python38\lib\site-packages\selenium\webdriver\remote\webdriver.py", line 321, in execute
    self.error_handler.check_response(response)
  File "C:\Users\archmage\AppData\Local\Programs\Python\Python38\lib\site-packages\selenium\webdriver\remote\errorhandler.py", line 242, in check_response
    raise exception_class(message, screen, stacktrace)
selenium.common.exceptions.WebDriverException: Message: unknown error: Element <div aria-haspopup="true" class="ant-menu-submenu-title" style="padding-left: 24px;">...</div> is not clickable at point (100, 659). Other element would receive the click: <div tabindex="-1" role="dialog" class="ant-modal-wrap ">...</div>
  (Session info: chrome=84.0.4147.135)
  (Driver info: chromedriver=2.44.609538 (b655c5a60b0b544917107a59d4153d4bf78e1b90),platform=Windows NT 6.1.7601 SP1 x86_64)

2020-08-20 18:02:35,604 [INFO]: #  ==================================================
2020-08-20 18:02:35,604 [INFO]: #  ...No SETUP testcase need to run...
2020-08-20 18:02:35,604 [INFO]: #  --------------------------------------------------
2020-08-20 18:02:35,605 [INFO]: #  >>> Run the TestCase: CH_001|查看需求订单
2020-08-20 18:02:35,605 [INFO]: #  Run the Step: 1|用例片段|EXECUTE|CQ_001
2020-08-20 18:02:35,606 [INFO]: #  >>> Run the TestCase: CQ_001|新增其他出库
2020-08-20 18:02:35,606 [INFO]: #  Run the Step: 1|其他出库|CLICK|通用-左侧栏一级菜单#仓库管理
2020-08-20 18:02:36,083 [ERROR]: #  +++ failure +++
Traceback (most recent call last):
  File "D:\daitest\daitest2\daitest\testcase.py", line 137, in run
    element = getattr(web, step['keyword'].lower())(step)
  File "D:\daitest\daitest2\daitest\keywords\web.py", line 178, in click
    element_location.click()
  File "C:\Users\archmage\AppData\Local\Programs\Python\Python38\lib\site-packages\selenium\webdriver\remote\webelement.py", line 80, in click
    self._execute(Command.CLICK_ELEMENT)
  File "C:\Users\archmage\AppData\Local\Programs\Python\Python38\lib\site-packages\selenium\webdriver\remote\webelement.py", line 633, in _execute
    return self._parent.execute(command, params)
  File "C:\Users\archmage\AppData\Local\Programs\Python\Python38\lib\site-packages\selenium\webdriver\remote\webdriver.py", line 321, in execute
    self.error_handler.check_response(response)
  File "C:\Users\archmage\AppData\Local\Programs\Python\Python38\lib\site-packages\selenium\webdriver\remote\errorhandler.py", line 242, in check_response
    raise exception_class(message, screen, stacktrace)
selenium.common.exceptions.WebDriverException: Message: unknown error: Element <div aria-haspopup="true" class="ant-menu-submenu-title" style="padding-left: 24px;">...</div> is not clickable at point (100, 659). Other element would receive the click: <div tabindex="-1" role="dialog" class="ant-modal-wrap ">...</div>
  (Session info: chrome=84.0.4147.135)
  (Driver info: chromedriver=2.44.609538 (b655c5a60b0b544917107a59d4153d4bf78e1b90),platform=Windows NT 6.1.7601 SP1 x86_64)

2020-08-20 18:02:38,354 [INFO]: #  --- Quit th Driver: Chrome
